-v is set
-i is set
Позабыв вчера.
Писем не придет,
Всем, кто вместе ждет.
Done
